2025-04-13T14:56:08.150Z  INFO 15244 --- [Test worker] u.h.c.GreetingsControllerIntegrationTest : Starting GreetingsControllerIntegrationTest using Java 21.0.5 with PID 15244 (started by codespace in /workspaces/service)
2025-04-13T14:56:08.191Z DEBUG 15244 --- [Test worker] u.h.c.GreetingsControllerIntegrationTest : Running with Spring Boot v3.4.0, Spring v6.2.0
2025-04-13T14:56:08.192Z  INFO 15244 --- [Test worker] u.h.c.GreetingsControllerIntegrationTest : No active profile set, falling back to 1 default profile: "default"
2025-04-13T14:56:10.011Z  INFO 15244 --- [Test worker] .s.d.r.c.RepositoryConfigurationDelegate : Bootstrapping Spring Data MongoDB repositories in DEFAULT mode.
2025-04-13T14:56:10.032Z  INFO 15244 --- [Test worker] .i.s.PathMatchingResourcePatternResolver : Skipping search for files matching pattern [**/*.class]: directory [/workspaces/service/build/classes/java/test/ro/unibuc/hello/repositories] does not exist
2025-04-13T14:56:10.083Z  INFO 15244 --- [Test worker] .i.s.PathMatchingResourcePatternResolver : Skipping search for files matching pattern [**/*.class]: directory [/workspaces/service/build/classes/java/test/ro/unibuc/hello/data] does not exist
2025-04-13T14:56:10.097Z  INFO 15244 --- [Test worker] .i.s.PathMatchingResourcePatternResolver : Skipping search for files matching pattern [**/*Impl.class]: directory [/workspaces/service/build/classes/java/test/ro/unibuc/hello/repositories] does not exist
2025-04-13T14:56:10.100Z  INFO 15244 --- [Test worker] .i.s.PathMatchingResourcePatternResolver : Skipping search for files matching pattern [**/*Impl.class]: directory [/workspaces/service/build/classes/java/test/ro/unibuc/hello/data] does not exist
2025-04-13T14:56:10.127Z  INFO 15244 --- [Test worker] .s.d.r.c.RepositoryConfigurationDelegate : Finished Spring Data repository scanning in 100 ms. Found 7 MongoDB repository interfaces.
2025-04-13T14:56:12.336Z  INFO 15244 --- [Test worker] org.mongodb.driver.client                : MongoClient with metadata {"driver": {"name": "mongo-java-driver|sync", "version": "5.2.1"}, "os": {"type": "Linux", "name": "Linux", "architecture": "amd64", "version": "6.8.0-1021-azure"}, "platform": "Java/Microsoft/21.0.5+11-LTS", "env": {"container": {"runtime": "docker"}}} created with settings MongoClientSettings{readPreference=primary, writeConcern=WriteConcern{w=null, wTimeout=null ms, journal=null}, retryWrites=true, retryReads=true, readConcern=ReadConcern{level=null}, credential=null, transportSettings=null, commandListeners=[], codecRegistry=ProvidersCodecRegistry{codecProviders=[ValueCodecProvider{}, BsonValueCodecProvider{}, DBRefCodecProvider{}, DBObjectCodecProvider{}, DocumentCodecProvider{}, CollectionCodecProvider{}, IterableCodecProvider{}, MapCodecProvider{}, GeoJsonCodecProvider{}, GridFSFileCodecProvider{}, Jsr310CodecProvider{}, JsonObjectCodecProvider{}, BsonCodecProvider{}, EnumCodecProvider{}, com.mongodb.client.model.mql.ExpressionCodecProvider@1d95957c, com.mongodb.Jep395RecordCodecProvider@2be33ac, com.mongodb.KotlinCodecProvider@73d8f219]}, loggerSettings=LoggerSettings{maxDocumentLength=1000}, clusterSettings={hosts=[localhost:32769], srvServiceName=mongodb, mode=SINGLE, requiredClusterType=UNKNOWN, requiredReplicaSetName='null', serverSelector='null', clusterListeners='[]', serverSelectionTimeout='30000 ms', localThreshold='15 ms'}, socketSettings=SocketSettings{connectTimeoutMS=10000, readTimeoutMS=0, receiveBufferSize=0, proxySettings=ProxySettings{host=null, port=null, username=null, password=null}}, heartbeatSocketSettings=SocketSettings{connectTimeoutMS=10000, readTimeoutMS=10000, receiveBufferSize=0, proxySettings=ProxySettings{host=null, port=null, username=null, password=null}}, connectionPoolSettings=ConnectionPoolSettings{maxSize=100, minSize=0, maxWaitTimeMS=120000, maxConnectionLifeTimeMS=0, maxConnectionIdleTimeMS=0, maintenanceInitialDelayMS=0, maintenanceFrequencyMS=60000, connectionPoolListeners=[], maxConnecting=2}, serverSettings=ServerSettings{heartbeatFrequencyMS=10000, minHeartbeatFrequencyMS=500, serverMonitoringMode=AUTO, serverListeners='[]', serverMonitorListeners='[]'}, sslSettings=SslSettings{enabled=false, invalidHostNameAllowed=false, context=null}, applicationName='null', compressorList=[], uuidRepresentation=UNSPECIFIED, serverApi=null, autoEncryptionSettings=null, dnsClient=null, inetAddressResolver=null, contextProvider=null, timeoutMS=null}
2025-04-13T14:56:12.388Z  INFO 15244 --- [cluster-ClusterId{value='67fbd08ce767857d0a8c475c', description='null'}-localhost:32769] org.mongodb.driver.cluster               : Monitor thread successfully connected to server with description ServerDescription{address=localhost:32769, type=SHARD_ROUTER, cryptd=false, state=CONNECTED, ok=true, minWireVersion=0, maxWireVersion=17, maxDocumentSize=16777216, logicalSessionTimeoutMinutes=30, roundTripTimeNanos=75677458, minRoundTripTimeNanos=0}
2025-04-13T14:56:14.966Z  INFO 15244 --- [Test worker] o.s.b.t.m.w.SpringBootMockServletContext : Initializing Spring TestDispatcherServlet ''
2025-04-13T14:56:14.968Z  INFO 15244 --- [Test worker] o.s.t.web.servlet.TestDispatcherServlet  : Initializing Servlet ''
2025-04-13T14:56:14.988Z  INFO 15244 --- [Test worker] o.s.b.a.e.web.EndpointLinksResolver      : Exposing 1 endpoint beneath base path '/actuator'
2025-04-13T14:56:15.007Z  INFO 15244 --- [Test worker] o.s.t.web.servlet.TestDispatcherServlet  : Completed initialization in 38 ms
2025-04-13T14:56:15.108Z  INFO 15244 --- [Test worker] u.h.c.GreetingsControllerIntegrationTest : Started GreetingsControllerIntegrationTest in 8.497 seconds (process running for 28.96)
2025-04-13T14:56:17.927Z  INFO 15244 --- [cluster-ClusterId{value='67fbd08ce767857d0a8c475c', description='null'}-localhost:32769] org.mongodb.driver.cluster               : Exception in monitor thread while connecting to server localhost:32769

com.mongodb.MongoSocketReadException: Prematurely reached end of stream
	at com.mongodb.internal.connection.SocketStream.read(SocketStream.java:184) ~[mongodb-driver-core-5.2.1.jar:na]
	at com.mongodb.internal.connection.InternalStreamConnection.receiveResponseBuffers(InternalStreamConnection.java:829) ~[mongodb-driver-core-5.2.1.jar:na]
	at com.mongodb.internal.connection.InternalStreamConnection.receiveCommandMessageResponse(InternalStreamConnection.java:517) ~[mongodb-driver-core-5.2.1.jar:na]
	at com.mongodb.internal.connection.InternalStreamConnection.receive(InternalStreamConnection.java:469) ~[mongodb-driver-core-5.2.1.jar:na]
	at com.mongodb.internal.connection.DefaultServerMonitor$ServerMonitor.lookupServerDescription(DefaultServerMonitor.java:249) ~[mongodb-driver-core-5.2.1.jar:na]
	at com.mongodb.internal.connection.DefaultServerMonitor$ServerMonitor.run(DefaultServerMonitor.java:176) ~[mongodb-driver-core-5.2.1.jar:na]

2025-04-13T14:56:18.204Z  INFO 15244 --- [Test worker] t.c.s.AnnotationConfigContextLoaderUtils : Could not detect default configuration classes for test class [ro.unibuc.hello.controller.LocationControllerIntegrationTest]: LocationControllerIntegrationTest does not declare any static, non-private, non-final, nested classes annotated with @Configuration.
2025-04-13T14:56:18.221Z  INFO 15244 --- [Test worker] .b.t.c.SpringBootTestContextBootstrapper : Found @SpringBootConfiguration ro.unibuc.hello.PartyPlanningApp for test class ro.unibuc.hello.controller.LocationControllerIntegrationTest
2025-04-13T14:56:18.227Z  INFO 15244 --- [Test worker] tc.mongo:6.0.20                          : Creating container for image: mongo:6.0.20
2025-04-13T14:56:18.262Z  INFO 15244 --- [Test worker] tc.mongo:6.0.20                          : Container mongo:6.0.20 is starting: fc6c7f0cf10af622ff1b5ab3f557ca5502300900e37a2bb060c669aeb0f21b8a
2025-04-13T14:56:25.074Z  INFO 15244 --- [Test worker] tc.mongo:6.0.20                          : Container mongo:6.0.20 started in PT6.846723821S
2025-04-13T14:56:25.165Z  INFO 15244 --- [Test worker] .u.h.c.LocationControllerIntegrationTest : Starting LocationControllerIntegrationTest using Java 21.0.5 with PID 15244 (started by codespace in /workspaces/service)
2025-04-13T14:56:25.167Z DEBUG 15244 --- [Test worker] .u.h.c.LocationControllerIntegrationTest : Running with Spring Boot v3.4.0, Spring v6.2.0
2025-04-13T14:56:25.169Z  INFO 15244 --- [Test worker] .u.h.c.LocationControllerIntegrationTest : No active profile set, falling back to 1 default profile: "default"
2025-04-13T14:56:25.666Z  INFO 15244 --- [Test worker] .s.d.r.c.RepositoryConfigurationDelegate : Bootstrapping Spring Data MongoDB repositories in DEFAULT mode.
2025-04-13T14:56:25.673Z  INFO 15244 --- [Test worker] .i.s.PathMatchingResourcePatternResolver : Skipping search for files matching pattern [**/*.class]: directory [/workspaces/service/build/classes/java/test/ro/unibuc/hello/repositories] does not exist
2025-04-13T14:56:25.681Z  INFO 15244 --- [Test worker] .i.s.PathMatchingResourcePatternResolver : Skipping search for files matching pattern [**/*.class]: directory [/workspaces/service/build/classes/java/test/ro/unibuc/hello/data] does not exist
2025-04-13T14:56:25.688Z  INFO 15244 --- [Test worker] .i.s.PathMatchingResourcePatternResolver : Skipping search for files matching pattern [**/*Impl.class]: directory [/workspaces/service/build/classes/java/test/ro/unibuc/hello/repositories] does not exist
2025-04-13T14:56:25.692Z  INFO 15244 --- [Test worker] .i.s.PathMatchingResourcePatternResolver : Skipping search for files matching pattern [**/*Impl.class]: directory [/workspaces/service/build/classes/java/test/ro/unibuc/hello/data] does not exist
2025-04-13T14:56:25.705Z  INFO 15244 --- [Test worker] .s.d.r.c.RepositoryConfigurationDelegate : Finished Spring Data repository scanning in 37 ms. Found 7 MongoDB repository interfaces.
2025-04-13T14:56:26.093Z  INFO 15244 --- [Test worker] org.mongodb.driver.client                : MongoClient with metadata {"driver": {"name": "mongo-java-driver|sync", "version": "5.2.1"}, "os": {"type": "Linux", "name": "Linux", "architecture": "amd64", "version": "6.8.0-1021-azure"}, "platform": "Java/Microsoft/21.0.5+11-LTS", "env": {"container": {"runtime": "docker"}}} created with settings MongoClientSettings{readPreference=primary, writeConcern=WriteConcern{w=null, wTimeout=null ms, journal=null}, retryWrites=true, retryReads=true, readConcern=ReadConcern{level=null}, credential=null, transportSettings=null, commandListeners=[], codecRegistry=ProvidersCodecRegistry{codecProviders=[ValueCodecProvider{}, BsonValueCodecProvider{}, DBRefCodecProvider{}, DBObjectCodecProvider{}, DocumentCodecProvider{}, CollectionCodecProvider{}, IterableCodecProvider{}, MapCodecProvider{}, GeoJsonCodecProvider{}, GridFSFileCodecProvider{}, Jsr310CodecProvider{}, JsonObjectCodecProvider{}, BsonCodecProvider{}, EnumCodecProvider{}, com.mongodb.client.model.mql.ExpressionCodecProvider@1d95957c, com.mongodb.Jep395RecordCodecProvider@2be33ac, com.mongodb.KotlinCodecProvider@73d8f219]}, loggerSettings=LoggerSettings{maxDocumentLength=1000}, clusterSettings={hosts=[localhost:32770], srvServiceName=mongodb, mode=SINGLE, requiredClusterType=UNKNOWN, requiredReplicaSetName='null', serverSelector='null', clusterListeners='[]', serverSelectionTimeout='30000 ms', localThreshold='15 ms'}, socketSettings=SocketSettings{connectTimeoutMS=10000, readTimeoutMS=0, receiveBufferSize=0, proxySettings=ProxySettings{host=null, port=null, username=null, password=null}}, heartbeatSocketSettings=SocketSettings{connectTimeoutMS=10000, readTimeoutMS=10000, receiveBufferSize=0, proxySettings=ProxySettings{host=null, port=null, username=null, password=null}}, connectionPoolSettings=ConnectionPoolSettings{maxSize=100, minSize=0, maxWaitTimeMS=120000, maxConnectionLifeTimeMS=0, maxConnectionIdleTimeMS=0, maintenanceInitialDelayMS=0, maintenanceFrequencyMS=60000, connectionPoolListeners=[], maxConnecting=2}, serverSettings=ServerSettings{heartbeatFrequencyMS=10000, minHeartbeatFrequencyMS=500, serverMonitoringMode=AUTO, serverListeners='[]', serverMonitorListeners='[]'}, sslSettings=SslSettings{enabled=false, invalidHostNameAllowed=false, context=null}, applicationName='null', compressorList=[], uuidRepresentation=UNSPECIFIED, serverApi=null, autoEncryptionSettings=null, dnsClient=null, inetAddressResolver=null, contextProvider=null, timeoutMS=null}
2025-04-13T14:56:26.103Z  INFO 15244 --- [cluster-ClusterId{value='67fbd09ae767857d0a8c476b', description='null'}-localhost:32770] org.mongodb.driver.cluster               : Monitor thread successfully connected to server with description ServerDescription{address=localhost:32770, type=SHARD_ROUTER, cryptd=false, state=CONNECTED, ok=true, minWireVersion=0, maxWireVersion=17, maxDocumentSize=16777216, logicalSessionTimeoutMinutes=30, roundTripTimeNanos=4766797, minRoundTripTimeNanos=0}
2025-04-13T14:56:26.725Z  INFO 15244 --- [Test worker] o.s.b.t.m.w.SpringBootMockServletContext : Initializing Spring TestDispatcherServlet ''
2025-04-13T14:56:26.727Z  INFO 15244 --- [Test worker] o.s.t.web.servlet.TestDispatcherServlet  : Initializing Servlet ''
2025-04-13T14:56:26.732Z  INFO 15244 --- [Test worker] o.s.b.a.e.web.EndpointLinksResolver      : Exposing 1 endpoint beneath base path '/actuator'
2025-04-13T14:56:26.736Z  INFO 15244 --- [Test worker] o.s.t.web.servlet.TestDispatcherServlet  : Completed initialization in 8 ms
2025-04-13T14:56:26.757Z  INFO 15244 --- [Test worker] .u.h.c.LocationControllerIntegrationTest : Started LocationControllerIntegrationTest in 1.677 seconds (process running for 40.609)
2025-04-13T14:56:27.165Z  INFO 15244 --- [cluster-ClusterId{value='67fbd09ae767857d0a8c476b', description='null'}-localhost:32770] org.mongodb.driver.cluster               : Exception in monitor thread while connecting to server localhost:32770

com.mongodb.MongoSocketReadException: Prematurely reached end of stream
	at com.mongodb.internal.connection.SocketStream.read(SocketStream.java:184) ~[mongodb-driver-core-5.2.1.jar:na]
	at com.mongodb.internal.connection.InternalStreamConnection.receiveResponseBuffers(InternalStreamConnection.java:829) ~[mongodb-driver-core-5.2.1.jar:na]
	at com.mongodb.internal.connection.InternalStreamConnection.receiveCommandMessageResponse(InternalStreamConnection.java:517) ~[mongodb-driver-core-5.2.1.jar:na]
	at com.mongodb.internal.connection.InternalStreamConnection.receive(InternalStreamConnection.java:469) ~[mongodb-driver-core-5.2.1.jar:na]
	at com.mongodb.internal.connection.DefaultServerMonitor$ServerMonitor.lookupServerDescription(DefaultServerMonitor.java:249) ~[mongodb-driver-core-5.2.1.jar:na]
	at com.mongodb.internal.connection.DefaultServerMonitor$ServerMonitor.run(DefaultServerMonitor.java:176) ~[mongodb-driver-core-5.2.1.jar:na]

2025-04-13T14:56:27.171Z  INFO 15244 --- [cluster-ClusterId{value='67fbd09ae767857d0a8c476b', description='null'}-localhost:32770] org.mongodb.driver.cluster               : Exception in monitor thread while connecting to server localhost:32770

com.mongodb.MongoSocketReadException: Exception receiving message
	at com.mongodb.internal.connection.InternalStreamConnection.translateReadException(InternalStreamConnection.java:814) ~[mongodb-driver-core-5.2.1.jar:na]
	at com.mongodb.internal.connection.InternalStreamConnection.receiveResponseBuffers(InternalStreamConnection.java:862) ~[mongodb-driver-core-5.2.1.jar:na]
	at com.mongodb.internal.connection.InternalStreamConnection.receiveCommandMessageResponse(InternalStreamConnection.java:517) ~[mongodb-driver-core-5.2.1.jar:na]
	at com.mongodb.internal.connection.InternalStreamConnection.sendAndReceiveInternal(InternalStreamConnection.java:448) ~[mongodb-driver-core-5.2.1.jar:na]
	at com.mongodb.internal.connection.InternalStreamConnection.lambda$sendAndReceive$0(InternalStreamConnection.java:375) ~[mongodb-driver-core-5.2.1.jar:na]
	at com.mongodb.internal.connection.InternalStreamConnection.sendAndReceive(InternalStreamConnection.java:378) ~[mongodb-driver-core-5.2.1.jar:na]
	at com.mongodb.internal.connection.CommandHelper.sendAndReceive(CommandHelper.java:100) ~[mongodb-driver-core-5.2.1.jar:na]
	at com.mongodb.internal.connection.CommandHelper.executeCommand(CommandHelper.java:49) ~[mongodb-driver-core-5.2.1.jar:na]
	at com.mongodb.internal.connection.InternalStreamConnectionInitializer.initializeConnectionDescription(InternalStreamConnectionInitializer.java:144) ~[mongodb-driver-core-5.2.1.jar:na]
	at com.mongodb.internal.connection.InternalStreamConnectionInitializer.startHandshake(InternalStreamConnectionInitializer.java:79) ~[mongodb-driver-core-5.2.1.jar:na]
	at com.mongodb.internal.connection.InternalStreamConnection.open(InternalStreamConnection.java:235) ~[mongodb-driver-core-5.2.1.jar:na]
	at com.mongodb.internal.connection.DefaultServerMonitor$ServerMonitor.lookupServerDescription(DefaultServerMonitor.java:219) ~[mongodb-driver-core-5.2.1.jar:na]
	at com.mongodb.internal.connection.DefaultServerMonitor$ServerMonitor.run(DefaultServerMonitor.java:176) ~[mongodb-driver-core-5.2.1.jar:na]
Caused by: java.net.SocketException: Connection reset
	at java.base/sun.nio.ch.NioSocketImpl.implRead(NioSocketImpl.java:318) ~[na:na]
	at java.base/sun.nio.ch.NioSocketImpl.read(NioSocketImpl.java:346) ~[na:na]
	at java.base/sun.nio.ch.NioSocketImpl$1.read(NioSocketImpl.java:796) ~[na:na]
	at java.base/java.net.Socket$SocketInputStream.read(Socket.java:1099) ~[na:na]
	at com.mongodb.internal.connection.SocketStream.read(SocketStream.java:182) ~[mongodb-driver-core-5.2.1.jar:na]
	at com.mongodb.internal.connection.InternalStreamConnection.receiveResponseBuffers(InternalStreamConnection.java:829) ~[mongodb-driver-core-5.2.1.jar:na]
	... 11 common frames omitted

2025-04-13T14:56:27.277Z  INFO 15244 --- [Test worker] t.c.s.AnnotationConfigContextLoaderUtils : Could not detect default configuration classes for test class [ro.unibuc.hello.controller.PlaylistIntegrationTest]: PlaylistIntegrationTest does not declare any static, non-private, non-final, nested classes annotated with @Configuration.
2025-04-13T14:56:27.282Z  INFO 15244 --- [Test worker] .b.t.c.SpringBootTestContextBootstrapper : Found @SpringBootConfiguration ro.unibuc.hello.PartyPlanningApp for test class ro.unibuc.hello.controller.PlaylistIntegrationTest
2025-04-13T14:56:27.285Z  INFO 15244 --- [Test worker] tc.mongo:6.0.20                          : Creating container for image: mongo:6.0.20
2025-04-13T14:56:27.323Z  INFO 15244 --- [Test worker] tc.mongo:6.0.20                          : Container mongo:6.0.20 is starting: cc0c625ac1a58314e8288fd3c6a539e8390cf59e19efa0be0594928a615d93d7
2025-04-13T14:56:27.967Z  INFO 15244 --- [cluster-ClusterId{value='67fbd08ce767857d0a8c475c', description='null'}-localhost:32769] org.mongodb.driver.cluster               : Exception in monitor thread while connecting to server localhost:32769

com.mongodb.MongoSocketOpenException: Exception opening socket
	at com.mongodb.internal.connection.SocketStream.lambda$open$0(SocketStream.java:85) ~[mongodb-driver-core-5.2.1.jar:na]
	at java.base/java.util.Optional.orElseThrow(Optional.java:403) ~[na:na]
	at com.mongodb.internal.connection.SocketStream.open(SocketStream.java:85) ~[mongodb-driver-core-5.2.1.jar:na]
	at com.mongodb.internal.connection.InternalStreamConnection.open(InternalStreamConnection.java:233) ~[mongodb-driver-core-5.2.1.jar:na]
	at com.mongodb.internal.connection.DefaultServerMonitor$ServerMonitor.lookupServerDescription(DefaultServerMonitor.java:219) ~[mongodb-driver-core-5.2.1.jar:na]
	at com.mongodb.internal.connection.DefaultServerMonitor$ServerMonitor.run(DefaultServerMonitor.java:176) ~[mongodb-driver-core-5.2.1.jar:na]
Caused by: java.net.ConnectException: Connection refused
	at java.base/sun.nio.ch.Net.pollConnect(Native Method) ~[na:na]
	at java.base/sun.nio.ch.Net.pollConnectNow(Net.java:682) ~[na:na]
	at java.base/sun.nio.ch.NioSocketImpl.timedFinishConnect(NioSocketImpl.java:542) ~[na:na]
	at java.base/sun.nio.ch.NioSocketImpl.connect(NioSocketImpl.java:592) ~[na:na]
	at java.base/java.net.SocksSocketImpl.connect(SocksSocketImpl.java:327) ~[na:na]
	at java.base/java.net.Socket.connect(Socket.java:751) ~[na:na]
	at com.mongodb.internal.connection.SocketStreamHelper.initialize(SocketStreamHelper.java:76) ~[mongodb-driver-core-5.2.1.jar:na]
	at com.mongodb.internal.connection.SocketStream.initializeSocket(SocketStream.java:104) ~[mongodb-driver-core-5.2.1.jar:na]
	at com.mongodb.internal.connection.SocketStream.open(SocketStream.java:79) ~[mongodb-driver-core-5.2.1.jar:na]
	... 3 common frames omitted

2025-04-13T14:56:34.369Z  INFO 15244 --- [Test worker] tc.mongo:6.0.20                          : Container mongo:6.0.20 started in PT7.084077467S
2025-04-13T14:56:34.421Z  INFO 15244 --- [Test worker] r.u.h.c.PlaylistIntegrationTest          : Starting PlaylistIntegrationTest using Java 21.0.5 with PID 15244 (started by codespace in /workspaces/service)
2025-04-13T14:56:34.424Z DEBUG 15244 --- [Test worker] r.u.h.c.PlaylistIntegrationTest          : Running with Spring Boot v3.4.0, Spring v6.2.0
2025-04-13T14:56:34.424Z  INFO 15244 --- [Test worker] r.u.h.c.PlaylistIntegrationTest          : No active profile set, falling back to 1 default profile: "default"
2025-04-13T14:56:35.048Z  INFO 15244 --- [Test worker] .s.d.r.c.RepositoryConfigurationDelegate : Bootstrapping Spring Data MongoDB repositories in DEFAULT mode.
2025-04-13T14:56:35.054Z  INFO 15244 --- [Test worker] .i.s.PathMatchingResourcePatternResolver : Skipping search for files matching pattern [**/*.class]: directory [/workspaces/service/build/classes/java/test/ro/unibuc/hello/repositories] does not exist
2025-04-13T14:56:35.058Z  INFO 15244 --- [Test worker] .i.s.PathMatchingResourcePatternResolver : Skipping search for files matching pattern [**/*.class]: directory [/workspaces/service/build/classes/java/test/ro/unibuc/hello/data] does not exist
2025-04-13T14:56:35.061Z  INFO 15244 --- [Test worker] .i.s.PathMatchingResourcePatternResolver : Skipping search for files matching pattern [**/*Impl.class]: directory [/workspaces/service/build/classes/java/test/ro/unibuc/hello/repositories] does not exist
2025-04-13T14:56:35.063Z  INFO 15244 --- [Test worker] .i.s.PathMatchingResourcePatternResolver : Skipping search for files matching pattern [**/*Impl.class]: directory [/workspaces/service/build/classes/java/test/ro/unibuc/hello/data] does not exist
2025-04-13T14:56:35.069Z  INFO 15244 --- [Test worker] .s.d.r.c.RepositoryConfigurationDelegate : Finished Spring Data repository scanning in 16 ms. Found 7 MongoDB repository interfaces.
2025-04-13T14:56:35.302Z  INFO 15244 --- [Test worker] org.mongodb.driver.client                : MongoClient with metadata {"driver": {"name": "mongo-java-driver|sync", "version": "5.2.1"}, "os": {"type": "Linux", "name": "Linux", "architecture": "amd64", "version": "6.8.0-1021-azure"}, "platform": "Java/Microsoft/21.0.5+11-LTS", "env": {"container": {"runtime": "docker"}}} created with settings MongoClientSettings{readPreference=primary, writeConcern=WriteConcern{w=null, wTimeout=null ms, journal=null}, retryWrites=true, retryReads=true, readConcern=ReadConcern{level=null}, credential=null, transportSettings=null, commandListeners=[], codecRegistry=ProvidersCodecRegistry{codecProviders=[ValueCodecProvider{}, BsonValueCodecProvider{}, DBRefCodecProvider{}, DBObjectCodecProvider{}, DocumentCodecProvider{}, CollectionCodecProvider{}, IterableCodecProvider{}, MapCodecProvider{}, GeoJsonCodecProvider{}, GridFSFileCodecProvider{}, Jsr310CodecProvider{}, JsonObjectCodecProvider{}, BsonCodecProvider{}, EnumCodecProvider{}, com.mongodb.client.model.mql.ExpressionCodecProvider@1d95957c, com.mongodb.Jep395RecordCodecProvider@2be33ac, com.mongodb.KotlinCodecProvider@73d8f219]}, loggerSettings=LoggerSettings{maxDocumentLength=1000}, clusterSettings={hosts=[localhost:32771], srvServiceName=mongodb, mode=SINGLE, requiredClusterType=UNKNOWN, requiredReplicaSetName='null', serverSelector='null', clusterListeners='[]', serverSelectionTimeout='30000 ms', localThreshold='15 ms'}, socketSettings=SocketSettings{connectTimeoutMS=10000, readTimeoutMS=0, receiveBufferSize=0, proxySettings=ProxySettings{host=null, port=null, username=null, password=null}}, heartbeatSocketSettings=SocketSettings{connectTimeoutMS=10000, readTimeoutMS=10000, receiveBufferSize=0, proxySettings=ProxySettings{host=null, port=null, username=null, password=null}}, connectionPoolSettings=ConnectionPoolSettings{maxSize=100, minSize=0, maxWaitTimeMS=120000, maxConnectionLifeTimeMS=0, maxConnectionIdleTimeMS=0, maintenanceInitialDelayMS=0, maintenanceFrequencyMS=60000, connectionPoolListeners=[], maxConnecting=2}, serverSettings=ServerSettings{heartbeatFrequencyMS=10000, minHeartbeatFrequencyMS=500, serverMonitoringMode=AUTO, serverListeners='[]', serverMonitorListeners='[]'}, sslSettings=SslSettings{enabled=false, invalidHostNameAllowed=false, context=null}, applicationName='null', compressorList=[], uuidRepresentation=UNSPECIFIED, serverApi=null, autoEncryptionSettings=null, dnsClient=null, inetAddressResolver=null, contextProvider=null, timeoutMS=null}
2025-04-13T14:56:35.304Z  INFO 15244 --- [cluster-ClusterId{value='67fbd0a3e767857d0a8c4785', description='null'}-localhost:32771] org.mongodb.driver.cluster               : Monitor thread successfully connected to server with description ServerDescription{address=localhost:32771, type=SHARD_ROUTER, cryptd=false, state=CONNECTED, ok=true, minWireVersion=0, maxWireVersion=17, maxDocumentSize=16777216, logicalSessionTimeoutMinutes=30, roundTripTimeNanos=1898873, minRoundTripTimeNanos=0}
2025-04-13T14:56:35.833Z  INFO 15244 --- [Test worker] o.s.b.t.m.w.SpringBootMockServletContext : Initializing Spring TestDispatcherServlet ''
2025-04-13T14:56:35.834Z  INFO 15244 --- [Test worker] o.s.t.web.servlet.TestDispatcherServlet  : Initializing Servlet ''
2025-04-13T14:56:35.840Z  INFO 15244 --- [Test worker] o.s.b.a.e.web.EndpointLinksResolver      : Exposing 1 endpoint beneath base path '/actuator'
2025-04-13T14:56:35.846Z  INFO 15244 --- [Test worker] o.s.t.web.servlet.TestDispatcherServlet  : Completed initialization in 11 ms
2025-04-13T14:56:35.876Z  INFO 15244 --- [Test worker] r.u.h.c.PlaylistIntegrationTest          : Started PlaylistIntegrationTest in 1.5 seconds (process running for 49.728)
2025-04-13T14:56:35.944Z  INFO 15244 --- [Test worker] ro.unibuc.hello.service.YouTubeService   : Constructed URL: https://www.googleapis.com/youtube/v3/search?part=snippet&q=Song+Title+Song+Artist&key=AIzaSyCyhHqVWjKp-mOUoF05q3OjU-21KNizZJg&type=video&maxResults=1
2025-04-13T14:56:36.973Z  INFO 15244 --- [Test worker] ro.unibuc.hello.service.YouTubeService   : YouTube API Response: ro.unibuc.hello.service.YouTubeResponse@1116ea37
2025-04-13T14:56:37.154Z  INFO 15244 --- [Test worker] ro.unibuc.hello.service.YouTubeService   : Constructed URL: https://www.googleapis.com/youtube/v3/search?part=snippet&q=New+Song+New+Artist&key=AIzaSyCyhHqVWjKp-mOUoF05q3OjU-21KNizZJg&type=video&maxResults=1
2025-04-13T14:56:37.175Z  INFO 15244 --- [cluster-ClusterId{value='67fbd09ae767857d0a8c476b', description='null'}-localhost:32770] org.mongodb.driver.cluster               : Exception in monitor thread while connecting to server localhost:32770

com.mongodb.MongoSocketOpenException: Exception opening socket
	at com.mongodb.internal.connection.SocketStream.lambda$open$0(SocketStream.java:85) ~[mongodb-driver-core-5.2.1.jar:na]
	at java.base/java.util.Optional.orElseThrow(Optional.java:403) ~[na:na]
	at com.mongodb.internal.connection.SocketStream.open(SocketStream.java:85) ~[mongodb-driver-core-5.2.1.jar:na]
	at com.mongodb.internal.connection.InternalStreamConnection.open(InternalStreamConnection.java:233) ~[mongodb-driver-core-5.2.1.jar:na]
	at com.mongodb.internal.connection.DefaultServerMonitor$ServerMonitor.lookupServerDescription(DefaultServerMonitor.java:219) ~[mongodb-driver-core-5.2.1.jar:na]
	at com.mongodb.internal.connection.DefaultServerMonitor$ServerMonitor.run(DefaultServerMonitor.java:176) ~[mongodb-driver-core-5.2.1.jar:na]
Caused by: java.net.ConnectException: Connection refused
	at java.base/sun.nio.ch.Net.pollConnect(Native Method) ~[na:na]
	at java.base/sun.nio.ch.Net.pollConnectNow(Net.java:682) ~[na:na]
	at java.base/sun.nio.ch.NioSocketImpl.timedFinishConnect(NioSocketImpl.java:542) ~[na:na]
	at java.base/sun.nio.ch.NioSocketImpl.connect(NioSocketImpl.java:592) ~[na:na]
	at java.base/java.net.SocksSocketImpl.connect(SocksSocketImpl.java:327) ~[na:na]
	at java.base/java.net.Socket.connect(Socket.java:751) ~[na:na]
	at com.mongodb.internal.connection.SocketStreamHelper.initialize(SocketStreamHelper.java:76) ~[mongodb-driver-core-5.2.1.jar:na]
	at com.mongodb.internal.connection.SocketStream.initializeSocket(SocketStream.java:104) ~[mongodb-driver-core-5.2.1.jar:na]
	at com.mongodb.internal.connection.SocketStream.open(SocketStream.java:79) ~[mongodb-driver-core-5.2.1.jar:na]
	... 3 common frames omitted

2025-04-13T14:56:37.558Z  INFO 15244 --- [Test worker] ro.unibuc.hello.service.YouTubeService   : YouTube API Response: ro.unibuc.hello.service.YouTubeResponse@3e5b1239
2025-04-13T14:56:37.845Z  INFO 15244 --- [cluster-ClusterId{value='67fbd0a3e767857d0a8c4785', description='null'}-localhost:32771] org.mongodb.driver.cluster               : Exception in monitor thread while connecting to server localhost:32771

com.mongodb.MongoSocketReadException: Prematurely reached end of stream
	at com.mongodb.internal.connection.SocketStream.read(SocketStream.java:184) ~[mongodb-driver-core-5.2.1.jar:na]
	at com.mongodb.internal.connection.InternalStreamConnection.receiveResponseBuffers(InternalStreamConnection.java:829) ~[mongodb-driver-core-5.2.1.jar:na]
	at com.mongodb.internal.connection.InternalStreamConnection.receiveCommandMessageResponse(InternalStreamConnection.java:517) ~[mongodb-driver-core-5.2.1.jar:na]
	at com.mongodb.internal.connection.InternalStreamConnection.receive(InternalStreamConnection.java:469) ~[mongodb-driver-core-5.2.1.jar:na]
	at com.mongodb.internal.connection.DefaultServerMonitor$ServerMonitor.lookupServerDescription(DefaultServerMonitor.java:249) ~[mongodb-driver-core-5.2.1.jar:na]
	at com.mongodb.internal.connection.DefaultServerMonitor$ServerMonitor.run(DefaultServerMonitor.java:176) ~[mongodb-driver-core-5.2.1.jar:na]

2025-04-13T14:56:37.851Z  INFO 15244 --- [cluster-ClusterId{value='67fbd0a3e767857d0a8c4785', description='null'}-localhost:32771] org.mongodb.driver.cluster               : Exception in monitor thread while connecting to server localhost:32771

com.mongodb.MongoSocketReadException: Exception receiving message
	at com.mongodb.internal.connection.InternalStreamConnection.translateReadException(InternalStreamConnection.java:814) ~[mongodb-driver-core-5.2.1.jar:na]
	at com.mongodb.internal.connection.InternalStreamConnection.receiveResponseBuffers(InternalStreamConnection.java:862) ~[mongodb-driver-core-5.2.1.jar:na]
	at com.mongodb.internal.connection.InternalStreamConnection.receiveCommandMessageResponse(InternalStreamConnection.java:517) ~[mongodb-driver-core-5.2.1.jar:na]
	at com.mongodb.internal.connection.InternalStreamConnection.sendAndReceiveInternal(InternalStreamConnection.java:448) ~[mongodb-driver-core-5.2.1.jar:na]
	at com.mongodb.internal.connection.InternalStreamConnection.lambda$sendAndReceive$0(InternalStreamConnection.java:375) ~[mongodb-driver-core-5.2.1.jar:na]
	at com.mongodb.internal.connection.InternalStreamConnection.sendAndReceive(InternalStreamConnection.java:378) ~[mongodb-driver-core-5.2.1.jar:na]
	at com.mongodb.internal.connection.CommandHelper.sendAndReceive(CommandHelper.java:100) ~[mongodb-driver-core-5.2.1.jar:na]
	at com.mongodb.internal.connection.CommandHelper.executeCommand(CommandHelper.java:49) ~[mongodb-driver-core-5.2.1.jar:na]
	at com.mongodb.internal.connection.InternalStreamConnectionInitializer.initializeConnectionDescription(InternalStreamConnectionInitializer.java:144) ~[mongodb-driver-core-5.2.1.jar:na]
	at com.mongodb.internal.connection.InternalStreamConnectionInitializer.startHandshake(InternalStreamConnectionInitializer.java:79) ~[mongodb-driver-core-5.2.1.jar:na]
	at com.mongodb.internal.connection.InternalStreamConnection.open(InternalStreamConnection.java:235) ~[mongodb-driver-core-5.2.1.jar:na]
	at com.mongodb.internal.connection.DefaultServerMonitor$ServerMonitor.lookupServerDescription(DefaultServerMonitor.java:219) ~[mongodb-driver-core-5.2.1.jar:na]
	at com.mongodb.internal.connection.DefaultServerMonitor$ServerMonitor.run(DefaultServerMonitor.java:176) ~[mongodb-driver-core-5.2.1.jar:na]
Caused by: java.net.SocketException: Connection reset
	at java.base/sun.nio.ch.NioSocketImpl.implRead(NioSocketImpl.java:318) ~[na:na]
	at java.base/sun.nio.ch.NioSocketImpl.read(NioSocketImpl.java:346) ~[na:na]
	at java.base/sun.nio.ch.NioSocketImpl$1.read(NioSocketImpl.java:796) ~[na:na]
	at java.base/java.net.Socket$SocketInputStream.read(Socket.java:1099) ~[na:na]
	at com.mongodb.internal.connection.SocketStream.read(SocketStream.java:182) ~[mongodb-driver-core-5.2.1.jar:na]
	at com.mongodb.internal.connection.InternalStreamConnection.receiveResponseBuffers(InternalStreamConnection.java:829) ~[mongodb-driver-core-5.2.1.jar:na]
	... 11 common frames omitted

2025-04-13T14:56:38.003Z  INFO 15244 --- [Test worker] t.c.s.AnnotationConfigContextLoaderUtils : Could not detect default configuration classes for test class [ro.unibuc.hello.controller.TaskControllerIntegrationTest]: TaskControllerIntegrationTest does not declare any static, non-private, non-final, nested classes annotated with @Configuration.
2025-04-13T14:56:38.010Z  INFO 15244 --- [Test worker] .b.t.c.SpringBootTestContextBootstrapper : Found @SpringBootConfiguration ro.unibuc.hello.PartyPlanningApp for test class ro.unibuc.hello.controller.TaskControllerIntegrationTest
2025-04-13T14:56:38.013Z  INFO 15244 --- [Test worker] tc.mongo:6.0.20                          : Creating container for image: mongo:6.0.20
2025-04-13T14:56:38.047Z  INFO 15244 --- [Test worker] tc.mongo:6.0.20                          : Container mongo:6.0.20 is starting: 83fa75490bd7241dda548e0cd4f9fb3e3ddb2370f30be8b0ef0d69acf134fc18
2025-04-13T14:56:44.939Z  INFO 15244 --- [Test worker] tc.mongo:6.0.20                          : Container mongo:6.0.20 started in PT6.92552486S
2025-04-13T14:56:45.006Z  INFO 15244 --- [Test worker] r.u.h.c.TaskControllerIntegrationTest    : Starting TaskControllerIntegrationTest using Java 21.0.5 with PID 15244 (started by codespace in /workspaces/service)
2025-04-13T14:56:45.010Z DEBUG 15244 --- [Test worker] r.u.h.c.TaskControllerIntegrationTest    : Running with Spring Boot v3.4.0, Spring v6.2.0
2025-04-13T14:56:45.011Z  INFO 15244 --- [Test worker] r.u.h.c.TaskControllerIntegrationTest    : No active profile set, falling back to 1 default profile: "default"
2025-04-13T14:56:45.435Z  INFO 15244 --- [Test worker] .s.d.r.c.RepositoryConfigurationDelegate : Bootstrapping Spring Data MongoDB repositories in DEFAULT mode.
2025-04-13T14:56:45.438Z  INFO 15244 --- [Test worker] .i.s.PathMatchingResourcePatternResolver : Skipping search for files matching pattern [**/*.class]: directory [/workspaces/service/build/classes/java/test/ro/unibuc/hello/repositories] does not exist
2025-04-13T14:56:45.442Z  INFO 15244 --- [Test worker] .i.s.PathMatchingResourcePatternResolver : Skipping search for files matching pattern [**/*.class]: directory [/workspaces/service/build/classes/java/test/ro/unibuc/hello/data] does not exist
2025-04-13T14:56:45.451Z  INFO 15244 --- [Test worker] .i.s.PathMatchingResourcePatternResolver : Skipping search for files matching pattern [**/*Impl.class]: directory [/workspaces/service/build/classes/java/test/ro/unibuc/hello/repositories] does not exist
2025-04-13T14:56:45.453Z  INFO 15244 --- [Test worker] .i.s.PathMatchingResourcePatternResolver : Skipping search for files matching pattern [**/*Impl.class]: directory [/workspaces/service/build/classes/java/test/ro/unibuc/hello/data] does not exist
2025-04-13T14:56:45.461Z  INFO 15244 --- [Test worker] .s.d.r.c.RepositoryConfigurationDelegate : Finished Spring Data repository scanning in 23 ms. Found 7 MongoDB repository interfaces.
2025-04-13T14:56:45.684Z  INFO 15244 --- [Test worker] org.mongodb.driver.client                : MongoClient with metadata {"driver": {"name": "mongo-java-driver|sync", "version": "5.2.1"}, "os": {"type": "Linux", "name": "Linux", "architecture": "amd64", "version": "6.8.0-1021-azure"}, "platform": "Java/Microsoft/21.0.5+11-LTS", "env": {"container": {"runtime": "docker"}}} created with settings MongoClientSettings{readPreference=primary, writeConcern=WriteConcern{w=null, wTimeout=null ms, journal=null}, retryWrites=true, retryReads=true, readConcern=ReadConcern{level=null}, credential=null, transportSettings=null, commandListeners=[], codecRegistry=ProvidersCodecRegistry{codecProviders=[ValueCodecProvider{}, BsonValueCodecProvider{}, DBRefCodecProvider{}, DBObjectCodecProvider{}, DocumentCodecProvider{}, CollectionCodecProvider{}, IterableCodecProvider{}, MapCodecProvider{}, GeoJsonCodecProvider{}, GridFSFileCodecProvider{}, Jsr310CodecProvider{}, JsonObjectCodecProvider{}, BsonCodecProvider{}, EnumCodecProvider{}, com.mongodb.client.model.mql.ExpressionCodecProvider@1d95957c, com.mongodb.Jep395RecordCodecProvider@2be33ac, com.mongodb.KotlinCodecProvider@73d8f219]}, loggerSettings=LoggerSettings{maxDocumentLength=1000}, clusterSettings={hosts=[localhost:32772], srvServiceName=mongodb, mode=SINGLE, requiredClusterType=UNKNOWN, requiredReplicaSetName='null', serverSelector='null', clusterListeners='[]', serverSelectionTimeout='30000 ms', localThreshold='15 ms'}, socketSettings=SocketSettings{connectTimeoutMS=10000, readTimeoutMS=0, receiveBufferSize=0, proxySettings=ProxySettings{host=null, port=null, username=null, password=null}}, heartbeatSocketSettings=SocketSettings{connectTimeoutMS=10000, readTimeoutMS=10000, receiveBufferSize=0, proxySettings=ProxySettings{host=null, port=null, username=null, password=null}}, connectionPoolSettings=ConnectionPoolSettings{maxSize=100, minSize=0, maxWaitTimeMS=120000, maxConnectionLifeTimeMS=0, maxConnectionIdleTimeMS=0, maintenanceInitialDelayMS=0, maintenanceFrequencyMS=60000, connectionPoolListeners=[], maxConnecting=2}, serverSettings=ServerSettings{heartbeatFrequencyMS=10000, minHeartbeatFrequencyMS=500, serverMonitoringMode=AUTO, serverListeners='[]', serverMonitorListeners='[]'}, sslSettings=SslSettings{enabled=false, invalidHostNameAllowed=false, context=null}, applicationName='null', compressorList=[], uuidRepresentation=UNSPECIFIED, serverApi=null, autoEncryptionSettings=null, dnsClient=null, inetAddressResolver=null, contextProvider=null, timeoutMS=null}
2025-04-13T14:56:45.691Z  INFO 15244 --- [cluster-ClusterId{value='67fbd0ade767857d0a8c479d', description='null'}-localhost:32772] org.mongodb.driver.cluster               : Monitor thread successfully connected to server with description ServerDescription{address=localhost:32772, type=SHARD_ROUTER, cryptd=false, state=CONNECTED, ok=true, minWireVersion=0, maxWireVersion=17, maxDocumentSize=16777216, logicalSessionTimeoutMinutes=30, roundTripTimeNanos=4479154, minRoundTripTimeNanos=0}
2025-04-13T14:56:46.331Z  INFO 15244 --- [Test worker] o.s.b.t.m.w.SpringBootMockServletContext : Initializing Spring TestDispatcherServlet ''
2025-04-13T14:56:46.334Z  INFO 15244 --- [Test worker] o.s.t.web.servlet.TestDispatcherServlet  : Initializing Servlet ''
2025-04-13T14:56:46.338Z  INFO 15244 --- [Test worker] o.s.b.a.e.web.EndpointLinksResolver      : Exposing 1 endpoint beneath base path '/actuator'
2025-04-13T14:56:46.344Z  INFO 15244 --- [Test worker] o.s.t.web.servlet.TestDispatcherServlet  : Completed initialization in 10 ms
2025-04-13T14:56:46.376Z  INFO 15244 --- [Test worker] r.u.h.c.TaskControllerIntegrationTest    : Started TaskControllerIntegrationTest in 1.431 seconds (process running for 60.228)
2025-04-13T14:56:46.676Z  INFO 15244 --- [cluster-ClusterId{value='67fbd0ade767857d0a8c479d', description='null'}-localhost:32772] org.mongodb.driver.cluster               : Exception in monitor thread while connecting to server localhost:32772

com.mongodb.MongoSocketReadException: Prematurely reached end of stream
	at com.mongodb.internal.connection.SocketStream.read(SocketStream.java:184) ~[mongodb-driver-core-5.2.1.jar:na]
	at com.mongodb.internal.connection.InternalStreamConnection.receiveResponseBuffers(InternalStreamConnection.java:829) ~[mongodb-driver-core-5.2.1.jar:na]
	at com.mongodb.internal.connection.InternalStreamConnection.receiveCommandMessageResponse(InternalStreamConnection.java:517) ~[mongodb-driver-core-5.2.1.jar:na]
	at com.mongodb.internal.connection.InternalStreamConnection.receive(InternalStreamConnection.java:469) ~[mongodb-driver-core-5.2.1.jar:na]
	at com.mongodb.internal.connection.DefaultServerMonitor$ServerMonitor.lookupServerDescription(DefaultServerMonitor.java:249) ~[mongodb-driver-core-5.2.1.jar:na]
	at com.mongodb.internal.connection.DefaultServerMonitor$ServerMonitor.run(DefaultServerMonitor.java:176) ~[mongodb-driver-core-5.2.1.jar:na]

